Index: 0	Size: Fine	Damage: No Meaningful Damage
Index: 1	Size: Diminutive	Damage: 1
Index: 2	Size: Tiny	Damage: 1d2
Index: 3	Size: Small	Damage: 1d3
Index: 4	Size: Medium	Damage: 1d4
Index: 5	Size: Large	Damage: 1d6
Index: 6	Size: Huge	Damage: 1d8
Index: 7	Size: Gargantuan	Damage: 2d6
Index: 8	Size: Colossal	Damage: 3d6
