+1 Flaming Dagger (Medium)
Light Melee Weapon
Simple Weapon Proficiency
To Hit: +1
Damage: 1d4 +1 +1d6 [19-20 x2] Piercing or Slashing, Magic, Fire
Hardness: 14
Hit Points: 22
Weight: 1 pound(s)
8302 gold pieces

Creation Costs
	Caster Level: 10
	Days to Create: 8
	Experience Cost: 320 experience points
	Raw Material Cost: 4302 gold pieces
	Required Feats: Craft Magic Arms and Armor
	Required Spells: flame blade, flame strike, or fireball

Weapon Text:
	The dagger is a common secondary weapon. You get a +2 bonus on
	Sleight of Hand checks made to conceal a dagger on your body.
	This dagger is masterwork quality!

	Upon command, a flaming weapon is sheathed in fire.
	The fire does not harm the wielder. The effect
	remains until another command is given.