This test is poorly written and does not express the calculation control flow needed adequately.