+1 Darkwood Dagger, Flaming:	'8312 gp'	('+2 value')
To Hit: '+1'
Damage: '1d4 +1 +1D6(Fire) [19-20 x2]' Piercing or Slashing, Magic
Hardness: '14'
Hit Points: '22'
Weight: '0.5 pound(s)'
Dagger: The dagger is a common secondary weapon. You get a +2 bonus on
	Sleight of Hand checks made to conceal a dagger on your body.
Darkwood: Darkwood weapons are always considered to be masterwork quality.
Flaming: Upon command, a flaming weapon is sheathed in fire.
	The fire does not harm the wielder. The effect
	remains until another command is given.

Creator Caster Level: '10'
Time to Create: '8 Days'
Creation XP Cost: '320'
Creation Raw Material Cost: '4312'

	Required Feats: Craft Magic Arms and Armor
	Required Spells: flame blade, flame strike, or fireball