The brazier
Fires arrow(s)/dart(s)/spear(s)
Infliciting 2d6 points of damage in addition to the other effects listed
