Cold Iron Dagger:	'4 gp'
Weight: '1 pound(s)'
To Hit: ''
Damage: '1d4'
Hardness: '10'
Hit Points: '2'
	Cold Iron is effective against some Fey.
	Magic enhancements cost an additional 2000 gold pieces.
	The dagger is a common secondary weapon. You get a +2 bonus on
	Sleight of Hand checks made to conceal a dagger on your body.