Dagger:	'2 gp'
Weight: '1 pound(s)'
To Hit: ''
Damage: '1d4'
Hardness: '10'
Hit Points: '2'
	The dagger is a common secondary weapon. You get a +2 bonus on
	Sleight of Hand checks made to conceal a dagger on your body.