Adamantine Dagger:	'3002 gp'
Weight: '1.33 pound(s)'
To Hit: '+1'
Damage: '1d4'
	The dagger is a common secondary weapon. You get a +2 bonus on
	Sleight of Hand checks made to conceal a dagger on your body.
	Adamantine weapons are always considered to be masterwork quality.
	Adamantine bypasses a damage reduction of 20.