+1 Darkwood Dagger:	'2312 gp'
Weight: '0.5 pound(s)'
To Hit: '+1'
Damage: '1d4 +1'
	The dagger is a common secondary weapon. You get a +2 bonus on
	Sleight of Hand checks made to conceal a dagger on your body.
	Darkwood weapons are always considered to be masterwork quality.