Dagger (Large)
Melee Weapon
Light Weapon Proficiency
Damage: 1d6 [19-20 x2] Piercing or Slashing
Hardness: 20
Hit Points: 4
Weight: 2 pound(s)
4 gold pieces

Weapon Text:
	The dagger is a common secondary weapon. You get a +2 bonus on
	Sleight of Hand checks made to conceal a dagger on your body.