Material Name: Adamantine
To Hit Modifier +1
Price Adjustment: +3000 gold pieces
Hit Point Modifier: x1.33
Special Properties: Bypass 20 Hardness