1500		1500
1125		2625
843		3468
632		4100
474		4574
355		4929
266		5195
199		5394
149		5543
111		5654
83		5737
62		5799
46		5845
34		5879
25		5904
18		5922
13		5935
9		5944
6		5950
4		5954
3		5957
2		5959
1		5960
