Weapon Name:		+1 Magical DaggerWeapon Proficiency:	SimpleWeapon Category:	LightWeapon Attack Type:	MeleeWeapon Cost:		2,302 gold piecesTo Hit Modifier:	+1 EnhancementBase Damage:		1d4+1 EnhancementThreat Range:		19 - 20Critical Damage:	x2Weapon Weight:		1 lbDamage Type(s):		Piercing or Slashing, MagicMinimum Caster Level:	3Days To Create:			2 days