Dagger
Melee Weapon
Light Weapon Proficiency
To Hit: 0
Damage: 1d4 [19-20 x2] Piercing or Slashing
Hardness: 10
Hit Points: 2
Weight: 1 pound(s)
2 gold pieces

Special Text:
	This is a dagger!