Masterwork Dagger
Melee Weapon
Light Weapon Proficiency
To Hit: 1
Damage: 1d4 [19-20 x2] Piercing or Slashing
Hardness: 10
Hit Points: 2
Weight: 1 pound(s)
302 gold pieces

Special Text:
	This is a dagger!
	This dagger is masterwork quality